C51 COMPILER V9.57.0.0   EXEMPLO_TIMER                                                     07/18/2018 22:48:56 PAGE 1   


C51 COMPILER V9.57.0.0, COMPILATION OF MODULE EXEMPLO_TIMER
OBJECT MODULE PLACED IN .\Objects\exemplo_timer.obj
COMPILER INVOKED BY: D:\Programas\Keil C51\C51\BIN\C51.EXE exemplo_timer.c OPTIMIZE(8,SPEED) BROWSE INCDIR(D:\Programas\
                    -Nordic Semiconductor\nRFgo SDK 2.3.0.10040\source_code\compiler\common;..\..\nrf24le1\nRF24LE1\libraries\nrf\source_code
                    -\hal\nrf24le1;D:\Programas\Nordic Semiconductor\nRFgo SDK 2.3.0.10040\nrf;D:\Programas\Nordic Semiconductor\nRFgo SDK 2.
                    -3.0.10040\source_code\hal) DEBUG OBJECTEXTEND PRINT(.\Listings\exemplo_timer.lst) TABS(2) OBJECT(.\Objects\exemplo_timer
                    -.obj)

line level    source

*** WARNING C500 IN LINE 1 OF exemplo_timer.c: LICENSE ERROR (R230(2): CONNECT TO UVISION KERNEL FAILED)

   1          #include<Nordic\reg24le1.h>
   2          #include<stdint.h>
   3          #include<nRF-SPICommands.h>
   4          #include<timer0.h>
   5          #include<hal_delay.h>
   6          
   7          //Endere?os
   8          #define BROADCAST_ADDRESS '0'
   9          #define MY_SUB_ADDRESS '2'
  10          
  11          //Comandos
  12          #define INICIA_TIMER_CMD 'I'
  13          #define DESLIGA_TIMER_CMD 'D'
  14          #define LER_COUNTER_CMD 'R'
  15          #define LER_BTN_FLAG_CMD 'B'
  16          #define PING_ECO_CMD 'E'
  17          #define RESET_TIMER 'A'
  18          
  19          //Pinos
  20          #define LED1 P03
  21          #define LED P06
  22          #define SENSOR P14
  23          
  24          //Vari?veis
  25          uint8_t btn_passou = 0;
  26          uint16_t tempo1 = 0;
  27          uint8_t i = 0;
  28          
  29          void setup(){
  30   1        P0DIR = 0xB7; //1011 0111 - Pinos do Port0
  31   1        P1DIR = 0xFF; //1111 1111 - Pinos do Port1
  32   1      
  33   1        rf_init(ADDR_HOST,ADDR_HOST, 92,
  34   1                RF_DATA_RATE_2Mbps, RF_TX_POWER_0dBm); //Configura a rede RF
  35   1      
  36   1        setup_T0_ticks(6666, 60006);  //Configura o timer como descrito:
  37   1                                      //a cada 5ms o timer estoura (4.9995)
  38   1                                      //60 006 vezes ? o maximo que pode repetir este tempo
  39   1                                      //4.9995 * 60 006 = 300 segundos = 5 minutos
  40   1        prepare_T0(); //Ativa as interrup??es e deixa o timer pronto para ser iniciado
  41   1      
  42   1        //Pisca os Leds Indicando que o Dispositivo foi iniciado
  43   1        LED = 1; delay_ms(100); LED = 0; delay_ms(100);
  44   1        LED = 1; delay_ms(100); LED = 0; delay_ms(100);
  45   1        //Manda uma msg indicando que esta ON
  46   1        LED1 = 1;
  47   1      }
  48          
  49          void avalia_comando(){
  50   1          switch(rx_buf[1]){
C51 COMPILER V9.57.0.0   EXEMPLO_TIMER                                                     07/18/2018 22:48:56 PAGE 2   

  51   2            case RESET_TIMER:
  52   2              timer_count = 0;
  53   2              tempo1 = 0;
  54   2              break;
  55   2            case INICIA_TIMER_CMD:
  56   2              timer_count = 0;
  57   2              tempo1 = 0;
  58   2              TR0=1; // Timer0 --> RUN
  59   2              delay_ms(100);
  60   2              tx_buf[0] = MY_SUB_ADDRESS;
  61   2              tx_buf[1] = 'o';
  62   2              tx_buf[2] = 'n';
  63   2              TX_Mode_NOACK(3);
  64   2              break;
  65   2            case DESLIGA_TIMER_CMD:
  66   2              TR0=0; // Timer0 --> STOP
  67   2              tempo1 = 0;
  68   2              timer_count = 0;
  69   2              break;
  70   2            case LER_COUNTER_CMD:
  71   2              delay_ms(100);
  72   2              tx_buf[0] = MY_SUB_ADDRESS;
  73   2              tx_buf[1] = LER_COUNTER_CMD;
  74   2              tx_buf[2] = (uint8_t) (tempo1 >> 8); //msb
  75   2              tx_buf[3] = (uint8_t) (tempo1); //lsb
  76   2              TX_Mode_NOACK(4);
  77   2              LED=!LED;
  78   2              break;
  79   2            case PING_ECO_CMD:
  80   2              tx_buf[0] = MY_SUB_ADDRESS;
  81   2              for(i=1; i<payloadWidth; i++){
  82   3                tx_buf[i] = rx_buf[i];
  83   3              }
  84   2              TX_Mode_NOACK(payloadWidth);
  85   2              break;
  86   2            default:
  87   2              break;
  88   2        }
  89   1      }
  90          
  91          void main(){
  92   1        setup();
  93   1        while(1){
  94   2          if(!SENSOR){
  95   3            btn_passou = 1;
  96   3            tempo1 = timer_count;
  97   3          }
  98   2          if(newPayload){
  99   3            newPayload = 0; sta = 0;
 100   3            if(rx_buf[0]==BROADCAST_ADDRESS){ //Se for uma mensagem para todo mundo
 101   4              avalia_comando();
 102   4            } else if(rx_buf[0]==MY_SUB_ADDRESS){ //Se for uma mensagem para o sensor
 103   4              avalia_comando();
 104   4            }
 105   3          }
 106   2        }
 107   1      }
 108          
 109          /**************************************************/
 110          /********************TIMER*************************/
 111          void TMR0_IRQ(void) interrupt INTERRUPT_TMR0
 112          {
C51 COMPILER V9.57.0.0   EXEMPLO_TIMER                                                     07/18/2018 22:48:56 PAGE 3   

 113   1        if(!NOVT0)
 114   1        {
 115   2          timer_count++; // Acumula os tempos
 116   2          if(timer_count >= initial_timer_count){
 117   3              timer_elapsed = 1;
 118   3              timer_count = 0; // Reseta o contador
 119   3          }
 120   2          TH0= NBT0H;
 121   2          TL0= NBT0L;
 122   2        }
 123   1      }


MODULE INFORMATION:   STATIC OVERLAYABLE
   CODE SIZE        =    967    ----
   CONSTANT SIZE    =      5    ----
   XDATA SIZE       =     65    ----
   PDATA SIZE       =   ----    ----
   DATA SIZE        =     12      21
   IDATA SIZE       =   ----    ----
   BIT SIZE         =      1    ----
END OF MODULE INFORMATION.


C51 COMPILATION COMPLETE.  1 WARNING(S),  0 ERROR(S)
